// Jest Snapshot v1, https://goo.gl/fbAQLP

exports[`Pruebas en <FirstApp /> debe de hacer match con el snapshot 1`] = `
<div>
  <p>
    Hola, Soy Goku
  </p>
  <p>
    No hay subt√≠tulo
  </p>
  <p>
    Fernando Herrera
  </p>
</div>
`;
